Object 2: (23.45, 600.54) - Complete
Object 1: (12.34, 123.99) - Complete
Object 3: (12.78, 90.67) - 5.21kg
